'block' in committee_vote was a string once

some nodes are lagging behind